{
    "Should call son's halotype correctly": {
        "content": [
            {
                "0": [
                    "reads_son.bam.g.vcf:md5,069316cdd4328542ffc6ae247b1dac39"
                ],
                "1": [
                    "reads_son.bam.g.vcf.idx:md5,dc36c18f2afdc546f41e68b2687e9334"
                ],
                "idx": [
                    "reads_son.bam.g.vcf.idx:md5,dc36c18f2afdc546f41e68b2687e9334"
                ],
                "vcf": [
                    "reads_son.bam.g.vcf:md5,069316cdd4328542ffc6ae247b1dac39"
                ]
            }
        ],
        "meta": {
            "nf-test": "0.9.2",
            "nextflow": "24.10.0"
        },
        "timestamp": "2025-03-04T09:26:58.537420116"
    }
}
